program
int x;
int y;
int z;
int identity(int b) // 10
{
     return b; // 11
 }
int givethree(int a) // 12
{
     int t;
     int r;
     t := 3; // 13
     r := a * 3; // 14
     return 3; // 15
 }
int diff(int a,int b) // 16
{
     int s;
     int y;
     y := a - b; // 17
     s := y; // 18
     return s; // 19
 }
x := 2; // 1
y := 3; // 2
if(true) // 3
{
     x := 6; // 4
 } else
{
     x := 0; // 5
 }
while(x > 0) // 6
{
     y := y * 3; // 7
 }
x := y - x; // 8
write(x); // 9
end
