program
int x;
int y;
int z;
x := 23; // 1
y := 42; // 2
z := 46; // 3
if(true) // 4
{
     y := 0; // 5
 } else
{
     y := 1; // 6
 }
if(y = 0) // 7
{
     y := 1; // 8
 } else
{
     y := 0; // 9
 }
while(y > 0) // 10
{
     while(false) // 11
     {
          y := y + 1; // 12
      }
     y := y - 1; // 13
 }
while(z > 0) // 14
{
     z := z - 1; // 15
     if(z = 23) // 16
     {
          y := 0; // 17
      } else
     {
          y := 1; // 18
      }
 }
while(z > 0) // 19
{
     z := z - 1; // 20
     if(z = x) // 21
     {
          x := 23; // 22
      } else
     {
          x := 42; // 23
      }
 }
write(x); // 24
end
