program
int x;
int foldme(int a,int b) // 3
{
     int y;
     int z;
     int r;
     y := 23; // 4
     z := 42; // 5
     r := 966; // 6
     if(966 > a) // 7
     {
          y := b; // 8
      } else
     {
          z := b; // 9
      }
     r := 300; // 10
     while(b > y | b > z) // 11
     {
          r := r - 1; // 12
      }
     return r; // 13
 }
int givefive(int a) // 14
{
     int q;
     int w;
     q := 1; // 15
     w := 3; // 16
     return 3; // 17
 }
x := foldme(1,2) + 3; // 1
write(x); // 2
end
