program
int x;
int y;
int z;
int stub(int a) // 9
{
     return a; // 10
 }
x := stub(123); // 1
y := 666 * x; // 2
z := 42; // 3
x := 77 * z; // 4
while(x > y) // 5
{
     x := x - 2; // 6
     x := x - 1; // 7
 }
write(x); // 8
end
